Archive member included because of file (symbol)

c:/winavr-20100110/bin/../lib/gcc/avr/4.3.3/avr5\libgcc.a(_exit.o)
                              c:/winavr-20100110/bin/../lib/gcc/avr/4.3.3/../../../../avr/lib/avr5/crtm32.o (exit)
c:/winavr-20100110/bin/../lib/gcc/avr/4.3.3/avr5\libgcc.a(_copy_data.o)
                              ./mcal/DIO_driver/DIO_cnfg.o (__do_copy_data)
c:/winavr-20100110/bin/../lib/gcc/avr/4.3.3/avr5\libgcc.a(_clear_bss.o)
                              ./mcal/DIO_driver/DIO.o (__do_clear_bss)
c:/winavr-20100110/bin/../lib/gcc/avr/4.3.3/../../../../avr/lib/avr5\libc.a(memcpy.o)
                              ./FREE_RTOS_Files/queue.o (memcpy)
c:/winavr-20100110/bin/../lib/gcc/avr/4.3.3/../../../../avr/lib/avr5\libc.a(memset.o)
                              ./FREE_RTOS_Files/stream_buffer.o (memset)

Memory Configuration

Name             Origin             Length             Attributes
text             0x00000000         0x00020000         xr
data             0x00800060         0x0000ffa0         rw !x
eeprom           0x00810000         0x00010000         rw !x
fuse             0x00820000         0x00000400         rw !x
lock             0x00830000         0x00000400         rw !x
signature        0x00840000         0x00000400         rw !x
*default*        0x00000000         0xffffffff

Linker script and memory map

LOAD c:/winavr-20100110/bin/../lib/gcc/avr/4.3.3/../../../../avr/lib/avr5/crtm32.o
LOAD ./mcal/DIO_driver/DIO.o
LOAD ./mcal/DIO_driver/DIO_cnfg.o
LOAD ./FREE_RTOS_Files/croutine.o
LOAD ./FREE_RTOS_Files/event_groups.o
LOAD ./FREE_RTOS_Files/heap_1.o
LOAD ./FREE_RTOS_Files/list.o
LOAD ./FREE_RTOS_Files/port.o
LOAD ./FREE_RTOS_Files/queue.o
LOAD ./FREE_RTOS_Files/stream_buffer.o
LOAD ./FREE_RTOS_Files/tasks.o
LOAD ./FREE_RTOS_Files/timers.o
LOAD ./ECUAL/LED_driver/LED.o
LOAD ./ECUAL/LCD_driver/LCD.o
LOAD ./ECUAL/LCD_driver/LCD_PostBuildconfg.o
LOAD ./ECUAL/KeyPad_driver/keypad.o
LOAD ./main.o
LOAD c:/winavr-20100110/bin/../lib/gcc/avr/4.3.3/avr5\libgcc.a
LOAD c:/winavr-20100110/bin/../lib/gcc/avr/4.3.3/../../../../avr/lib/avr5\libc.a
LOAD c:/winavr-20100110/bin/../lib/gcc/avr/4.3.3/avr5\libgcc.a

.hash
 *(.hash)

.dynsym
 *(.dynsym)

.dynstr
 *(.dynstr)

.gnu.version
 *(.gnu.version)

.gnu.version_d
 *(.gnu.version_d)

.gnu.version_r
 *(.gnu.version_r)

.rel.init
 *(.rel.init)

.rela.init
 *(.rela.init)

.rel.text
 *(.rel.text)
 *(.rel.text.*)
 *(.rel.gnu.linkonce.t*)

.rela.text
 *(.rela.text)
 *(.rela.text.*)
 *(.rela.gnu.linkonce.t*)

.rel.fini
 *(.rel.fini)

.rela.fini
 *(.rela.fini)

.rel.rodata
 *(.rel.rodata)
 *(.rel.rodata.*)
 *(.rel.gnu.linkonce.r*)

.rela.rodata
 *(.rela.rodata)
 *(.rela.rodata.*)
 *(.rela.gnu.linkonce.r*)

.rel.data
 *(.rel.data)
 *(.rel.data.*)
 *(.rel.gnu.linkonce.d*)

.rela.data
 *(.rela.data)
 *(.rela.data.*)
 *(.rela.gnu.linkonce.d*)

.rel.ctors
 *(.rel.ctors)

.rela.ctors
 *(.rela.ctors)

.rel.dtors
 *(.rel.dtors)

.rela.dtors
 *(.rela.dtors)

.rel.got
 *(.rel.got)

.rela.got
 *(.rela.got)

.rel.bss
 *(.rel.bss)

.rela.bss
 *(.rela.bss)

.rel.plt
 *(.rel.plt)

.rela.plt
 *(.rela.plt)

.text           0x00000000     0x6422
 *(.vectors)
 .vectors       0x00000000       0x54 c:/winavr-20100110/bin/../lib/gcc/avr/4.3.3/../../../../avr/lib/avr5/crtm32.o
                0x00000000                __vectors
                0x00000000                __vector_default
 *(.vectors)
 *(.progmem.gcc*)
 *(.progmem*)
                0x00000054                . = ALIGN (0x2)
                0x00000054                __trampolines_start = .
 *(.trampolines)
 .trampolines   0x00000054        0x0 linker stubs
 *(.trampolines*)
                0x00000054                __trampolines_end = .
 *(.jumptables)
 *(.jumptables*)
 *(.lowtext)
 *(.lowtext*)
                0x00000054                __ctors_start = .
 *(.ctors)
                0x00000054                __ctors_end = .
                0x00000054                __dtors_start = .
 *(.dtors)
                0x00000054                __dtors_end = .
 SORT(*)(.ctors)
 SORT(*)(.dtors)
 *(.init0)
 .init0         0x00000054        0x0 c:/winavr-20100110/bin/../lib/gcc/avr/4.3.3/../../../../avr/lib/avr5/crtm32.o
                0x00000054                __init
 *(.init0)
 *(.init1)
 *(.init1)
 *(.init2)
 .init2         0x00000054        0xc c:/winavr-20100110/bin/../lib/gcc/avr/4.3.3/../../../../avr/lib/avr5/crtm32.o
 *(.init2)
 *(.init3)
 *(.init3)
 *(.init4)
 .init4         0x00000060       0x16 c:/winavr-20100110/bin/../lib/gcc/avr/4.3.3/avr5\libgcc.a(_copy_data.o)
                0x00000060                __do_copy_data
 .init4         0x00000076       0x10 c:/winavr-20100110/bin/../lib/gcc/avr/4.3.3/avr5\libgcc.a(_clear_bss.o)
                0x00000076                __do_clear_bss
 *(.init4)
 *(.init5)
 *(.init5)
 *(.init6)
 *(.init6)
 *(.init7)
 *(.init7)
 *(.init8)
 *(.init8)
 *(.init9)
 .init9         0x00000086        0x8 c:/winavr-20100110/bin/../lib/gcc/avr/4.3.3/../../../../avr/lib/avr5/crtm32.o
 *(.init9)
 *(.text)
 .text          0x0000008e        0x4 c:/winavr-20100110/bin/../lib/gcc/avr/4.3.3/../../../../avr/lib/avr5/crtm32.o
                0x0000008e                __vector_1
                0x0000008e                __vector_12
                0x0000008e                __bad_interrupt
                0x0000008e                __vector_6
                0x0000008e                __vector_3
                0x0000008e                __vector_11
                0x0000008e                __vector_13
                0x0000008e                __vector_17
                0x0000008e                __vector_19
                0x0000008e                __vector_5
                0x0000008e                __vector_4
                0x0000008e                __vector_9
                0x0000008e                __vector_2
                0x0000008e                __vector_15
                0x0000008e                __vector_8
                0x0000008e                __vector_14
                0x0000008e                __vector_10
                0x0000008e                __vector_16
                0x0000008e                __vector_18
                0x0000008e                __vector_20
 .text          0x00000092        0x0 ./mcal/DIO_driver/DIO.o
 .text          0x00000092        0x0 ./mcal/DIO_driver/DIO_cnfg.o
 .text          0x00000092        0x0 ./FREE_RTOS_Files/croutine.o
 .text          0x00000092        0x0 ./FREE_RTOS_Files/event_groups.o
 .text          0x00000092        0x0 ./FREE_RTOS_Files/heap_1.o
 .text          0x00000092        0x0 ./FREE_RTOS_Files/list.o
 .text          0x00000092        0x0 ./FREE_RTOS_Files/port.o
 .text          0x00000092        0x0 ./FREE_RTOS_Files/queue.o
 .text          0x00000092        0x0 ./FREE_RTOS_Files/stream_buffer.o
 .text          0x00000092        0x0 ./FREE_RTOS_Files/tasks.o
 .text          0x00000092        0x0 ./FREE_RTOS_Files/timers.o
 .text          0x00000092        0x0 ./ECUAL/LED_driver/LED.o
 .text          0x00000092        0x0 ./ECUAL/LCD_driver/LCD.o
 .text          0x00000092        0x0 ./ECUAL/LCD_driver/LCD_PostBuildconfg.o
 .text          0x00000092        0x0 ./ECUAL/KeyPad_driver/keypad.o
 .text          0x00000092        0x0 ./main.o
 .text          0x00000092        0x0 c:/winavr-20100110/bin/../lib/gcc/avr/4.3.3/avr5\libgcc.a(_exit.o)
 .text          0x00000092        0x0 c:/winavr-20100110/bin/../lib/gcc/avr/4.3.3/avr5\libgcc.a(_copy_data.o)
 .text          0x00000092        0x0 c:/winavr-20100110/bin/../lib/gcc/avr/4.3.3/avr5\libgcc.a(_clear_bss.o)
 .text          0x00000092        0x0 c:/winavr-20100110/bin/../lib/gcc/avr/4.3.3/../../../../avr/lib/avr5\libc.a(memcpy.o)
 .text          0x00000092        0x0 c:/winavr-20100110/bin/../lib/gcc/avr/4.3.3/../../../../avr/lib/avr5\libc.a(memset.o)
                0x00000092                . = ALIGN (0x2)
 *(.text.*)
 .text.DIO_init
                0x00000092      0x9a2 ./mcal/DIO_driver/DIO.o
                0x00000092                DIO_init
 .text.DIO_set_pin_direction
                0x00000a34      0x212 ./mcal/DIO_driver/DIO.o
                0x00000a34                DIO_set_pin_direction
 .text.DIO_write_pin_value
                0x00000c46      0x212 ./mcal/DIO_driver/DIO.o
                0x00000c46                DIO_write_pin_value
 .text.DIO_read_pin_value
                0x00000e58      0x18c ./mcal/DIO_driver/DIO.o
                0x00000e58                DIO_read_pin_value
 .text.DIO_set_port_direction
                0x00000fe4       0x90 ./mcal/DIO_driver/DIO.o
                0x00000fe4                DIO_set_port_direction
 .text.DIO_write_port_value
                0x00001074       0x90 ./mcal/DIO_driver/DIO.o
                0x00001074                DIO_write_port_value
 .text.DIO_read_port_value
                0x00001104       0xa4 ./mcal/DIO_driver/DIO.o
                0x00001104                DIO_read_port_value
 .text.xEventGroupCreate
                0x000011a8       0x3e ./FREE_RTOS_Files/event_groups.o
                0x000011a8                xEventGroupCreate
 .text.xEventGroupSync
                0x000011e6      0x172 ./FREE_RTOS_Files/event_groups.o
                0x000011e6                xEventGroupSync
 .text.xEventGroupWaitBits
                0x00001358      0x18c ./FREE_RTOS_Files/event_groups.o
                0x00001358                xEventGroupWaitBits
 .text.xEventGroupClearBits
                0x000014e4       0x6c ./FREE_RTOS_Files/event_groups.o
                0x000014e4                xEventGroupClearBits
 .text.xEventGroupGetBitsFromISR
                0x00001550       0x44 ./FREE_RTOS_Files/event_groups.o
                0x00001550                xEventGroupGetBitsFromISR
 .text.xEventGroupSetBits
                0x00001594      0x164 ./FREE_RTOS_Files/event_groups.o
                0x00001594                xEventGroupSetBits
 .text.vEventGroupDelete
                0x000016f8       0x62 ./FREE_RTOS_Files/event_groups.o
                0x000016f8                vEventGroupDelete
 .text.vEventGroupSetBitsCallback
                0x0000175a       0x3a ./FREE_RTOS_Files/event_groups.o
                0x0000175a                vEventGroupSetBitsCallback
 .text.vEventGroupClearBitsCallback
                0x00001794       0x3a ./FREE_RTOS_Files/event_groups.o
                0x00001794                vEventGroupClearBitsCallback
 .text.prvTestWaitCondition
                0x000017ce       0x64 ./FREE_RTOS_Files/event_groups.o
 .text.pvPortMalloc
                0x00001832       0xac ./FREE_RTOS_Files/heap_1.o
                0x00001832                pvPortMalloc
 .text.vPortFree
                0x000018de       0x18 ./FREE_RTOS_Files/heap_1.o
                0x000018de                vPortFree
 .text.vPortInitialiseBlocks
                0x000018f6       0x16 ./FREE_RTOS_Files/heap_1.o
                0x000018f6                vPortInitialiseBlocks
 .text.xPortGetFreeHeapSize
                0x0000190c       0x1e ./FREE_RTOS_Files/heap_1.o
                0x0000190c                xPortGetFreeHeapSize
 .text.vListInitialise
                0x0000192a       0x54 ./FREE_RTOS_Files/list.o
                0x0000192a                vListInitialise
 .text.vListInitialiseItem
                0x0000197e       0x20 ./FREE_RTOS_Files/list.o
                0x0000197e                vListInitialiseItem
 .text.vListInsertEnd
                0x0000199e       0x88 ./FREE_RTOS_Files/list.o
                0x0000199e                vListInsertEnd
 .text.vListInsert
                0x00001a26       0xd8 ./FREE_RTOS_Files/list.o
                0x00001a26                vListInsert
 .text.uxListRemove
                0x00001afe       0x98 ./FREE_RTOS_Files/list.o
                0x00001afe                uxListRemove
 .text.pxPortInitialiseStack
                0x00001b96      0x306 ./FREE_RTOS_Files/port.o
                0x00001b96                pxPortInitialiseStack
 .text.xPortStartScheduler
                0x00001e9c       0x6a ./FREE_RTOS_Files/port.o
                0x00001e9c                xPortStartScheduler
 .text.vPortEndScheduler
                0x00001f06        0xe ./FREE_RTOS_Files/port.o
                0x00001f06                vPortEndScheduler
 .text.vPortYield
                0x00001f14       0xb2 ./FREE_RTOS_Files/port.o
                0x00001f14                vPortYield
 .text.vPortYieldFromTick
                0x00001fc6       0xba ./FREE_RTOS_Files/port.o
                0x00001fc6                vPortYieldFromTick
 .text.prvSetupTimerInterrupt
                0x00002080       0xb8 ./FREE_RTOS_Files/port.o
 .text.__vector_7
                0x00002138       0x54 ./FREE_RTOS_Files/port.o
                0x00002138                __vector_7
 .text.xQueueGenericReset
                0x0000218c      0x104 ./FREE_RTOS_Files/queue.o
                0x0000218c                xQueueGenericReset
 .text.xQueueGenericCreate
                0x00002290       0xa2 ./FREE_RTOS_Files/queue.o
                0x00002290                xQueueGenericCreate
 .text.prvInitialiseNewQueue
                0x00002332       0x76 ./FREE_RTOS_Files/queue.o
 .text.xQueueGenericSend
                0x000023a8      0x144 ./FREE_RTOS_Files/queue.o
                0x000023a8                xQueueGenericSend
 .text.xQueueGenericSendFromISR
                0x000024ec       0xb0 ./FREE_RTOS_Files/queue.o
                0x000024ec                xQueueGenericSendFromISR
 .text.xQueueGiveFromISR
                0x0000259c       0xa2 ./FREE_RTOS_Files/queue.o
                0x0000259c                xQueueGiveFromISR
 .text.xQueueReceive
                0x0000263e      0x14e ./FREE_RTOS_Files/queue.o
                0x0000263e                xQueueReceive
 .text.xQueueSemaphoreTake
                0x0000278c      0x13c ./FREE_RTOS_Files/queue.o
                0x0000278c                xQueueSemaphoreTake
 .text.xQueuePeek
                0x000028c8      0x15c ./FREE_RTOS_Files/queue.o
                0x000028c8                xQueuePeek
 .text.xQueueReceiveFromISR
                0x00002a24       0xae ./FREE_RTOS_Files/queue.o
                0x00002a24                xQueueReceiveFromISR
 .text.xQueuePeekFromISR
                0x00002ad2       0x72 ./FREE_RTOS_Files/queue.o
                0x00002ad2                xQueuePeekFromISR
 .text.uxQueueMessagesWaiting
                0x00002b44       0x30 ./FREE_RTOS_Files/queue.o
                0x00002b44                uxQueueMessagesWaiting
 .text.uxQueueSpacesAvailable
                0x00002b74       0x4a ./FREE_RTOS_Files/queue.o
                0x00002b74                uxQueueSpacesAvailable
 .text.uxQueueMessagesWaitingFromISR
                0x00002bbe       0x34 ./FREE_RTOS_Files/queue.o
                0x00002bbe                uxQueueMessagesWaitingFromISR
 .text.vQueueDelete
                0x00002bf2       0x2e ./FREE_RTOS_Files/queue.o
                0x00002bf2                vQueueDelete
 .text.prvCopyDataToQueue
                0x00002c20      0x14c ./FREE_RTOS_Files/queue.o
 .text.prvCopyDataFromQueue
                0x00002d6c       0x8e ./FREE_RTOS_Files/queue.o
 .text.prvUnlockQueue
                0x00002dfa       0xa6 ./FREE_RTOS_Files/queue.o
 .text.prvIsQueueEmpty
                0x00002ea0       0x3a ./FREE_RTOS_Files/queue.o
 .text.xQueueIsQueueEmptyFromISR
                0x00002eda       0x3e ./FREE_RTOS_Files/queue.o
                0x00002eda                xQueueIsQueueEmptyFromISR
 .text.prvIsQueueFull
                0x00002f18       0x40 ./FREE_RTOS_Files/queue.o
 .text.xQueueIsQueueFullFromISR
                0x00002f58       0x44 ./FREE_RTOS_Files/queue.o
                0x00002f58                xQueueIsQueueFullFromISR
 .text.xStreamBufferGenericCreate
                0x00002f9c       0x98 ./FREE_RTOS_Files/stream_buffer.o
                0x00002f9c                xStreamBufferGenericCreate
 .text.vStreamBufferDelete
                0x00003034       0x52 ./FREE_RTOS_Files/stream_buffer.o
                0x00003034                vStreamBufferDelete
 .text.xStreamBufferReset
                0x00003086       0x84 ./FREE_RTOS_Files/stream_buffer.o
                0x00003086                xStreamBufferReset
 .text.xStreamBufferSetTriggerLevel
                0x0000310a       0x6e ./FREE_RTOS_Files/stream_buffer.o
                0x0000310a                xStreamBufferSetTriggerLevel
 .text.xStreamBufferSpacesAvailable
                0x00003178       0x8c ./FREE_RTOS_Files/stream_buffer.o
                0x00003178                xStreamBufferSpacesAvailable
 .text.xStreamBufferBytesAvailable
                0x00003204       0x3c ./FREE_RTOS_Files/stream_buffer.o
                0x00003204                xStreamBufferBytesAvailable
 .text.xStreamBufferSend
                0x00003240      0x190 ./FREE_RTOS_Files/stream_buffer.o
                0x00003240                xStreamBufferSend
 .text.xStreamBufferSendFromISR
                0x000033d0       0xfa ./FREE_RTOS_Files/stream_buffer.o
                0x000033d0                xStreamBufferSendFromISR
 .text.prvWriteMessageToBuffer
                0x000034ca       0xe4 ./FREE_RTOS_Files/stream_buffer.o
 .text.xStreamBufferReceive
                0x000035ae      0x174 ./FREE_RTOS_Files/stream_buffer.o
                0x000035ae                xStreamBufferReceive
 .text.xStreamBufferNextMessageLengthBytes
                0x00003722       0xa4 ./FREE_RTOS_Files/stream_buffer.o
                0x00003722                xStreamBufferNextMessageLengthBytes
 .text.xStreamBufferReceiveFromISR
                0x000037c6       0xf0 ./FREE_RTOS_Files/stream_buffer.o
                0x000037c6                xStreamBufferReceiveFromISR
 .text.prvReadMessageFromBuffer
                0x000038b6       0xd8 ./FREE_RTOS_Files/stream_buffer.o
 .text.xStreamBufferIsEmpty
                0x0000398e       0x5a ./FREE_RTOS_Files/stream_buffer.o
                0x0000398e                xStreamBufferIsEmpty
 .text.xStreamBufferIsFull
                0x000039e8       0x70 ./FREE_RTOS_Files/stream_buffer.o
                0x000039e8                xStreamBufferIsFull
 .text.xStreamBufferSendCompletedFromISR
                0x00003a58       0x86 ./FREE_RTOS_Files/stream_buffer.o
                0x00003a58                xStreamBufferSendCompletedFromISR
 .text.xStreamBufferReceiveCompletedFromISR
                0x00003ade       0x86 ./FREE_RTOS_Files/stream_buffer.o
                0x00003ade                xStreamBufferReceiveCompletedFromISR
 .text.prvWriteBytesToBuffer
                0x00003b64      0x11a ./FREE_RTOS_Files/stream_buffer.o
 .text.prvReadBytesFromBuffer
                0x00003c7e      0x15a ./FREE_RTOS_Files/stream_buffer.o
 .text.prvBytesInBuffer
                0x00003dd8       0x74 ./FREE_RTOS_Files/stream_buffer.o
 .text.prvInitialiseNewStreamBuffer
                0x00003e4c       0x78 ./FREE_RTOS_Files/stream_buffer.o
 .text.xTaskCreate
                0x00003ec4       0xf0 ./FREE_RTOS_Files/tasks.o
                0x00003ec4                xTaskCreate
 .text.prvInitialiseNewTask
                0x00003fb4      0x178 ./FREE_RTOS_Files/tasks.o
 .text.prvAddNewTaskToReadyList
                0x0000412c       0xe6 ./FREE_RTOS_Files/tasks.o
 .text.vTaskDelete
                0x00004212       0xe4 ./FREE_RTOS_Files/tasks.o
                0x00004212                vTaskDelete
 .text.vTaskDelay
                0x000042f6       0x44 ./FREE_RTOS_Files/tasks.o
                0x000042f6                vTaskDelay
 .text.vTaskSuspend
                0x0000433a       0xe8 ./FREE_RTOS_Files/tasks.o
                0x0000433a                vTaskSuspend
 .text.prvTaskIsTaskSuspended
                0x00004422       0x5e ./FREE_RTOS_Files/tasks.o
 .text.vTaskResume
                0x00004480       0xbe ./FREE_RTOS_Files/tasks.o
                0x00004480                vTaskResume
 .text.xTaskResumeFromISR
                0x0000453e       0xcc ./FREE_RTOS_Files/tasks.o
                0x0000453e                xTaskResumeFromISR
 .text.vTaskStartScheduler
                0x0000460a       0x64 ./FREE_RTOS_Files/tasks.o
                0x0000460a                vTaskStartScheduler
 .text.vTaskEndScheduler
                0x0000466e       0x18 ./FREE_RTOS_Files/tasks.o
                0x0000466e                vTaskEndScheduler
 .text.vTaskSuspendAll
                0x00004686       0x18 ./FREE_RTOS_Files/tasks.o
                0x00004686                vTaskSuspendAll
 .text.xTaskResumeAll
                0x0000469e      0x11e ./FREE_RTOS_Files/tasks.o
                0x0000469e                xTaskResumeAll
 .text.xTaskGetTickCount
                0x000047bc       0x2e ./FREE_RTOS_Files/tasks.o
                0x000047bc                xTaskGetTickCount
 .text.xTaskGetTickCountFromISR
                0x000047ea       0x2a ./FREE_RTOS_Files/tasks.o
                0x000047ea                xTaskGetTickCountFromISR
 .text.uxTaskGetNumberOfTasks
                0x00004814       0x12 ./FREE_RTOS_Files/tasks.o
                0x00004814                uxTaskGetNumberOfTasks
 .text.pcTaskGetName
                0x00004826       0x50 ./FREE_RTOS_Files/tasks.o
                0x00004826                pcTaskGetName
 .text.xTaskIncrementTick
                0x00004876      0x172 ./FREE_RTOS_Files/tasks.o
                0x00004876                xTaskIncrementTick
 .text.vTaskSwitchContext
                0x000049e8       0xda ./FREE_RTOS_Files/tasks.o
                0x000049e8                vTaskSwitchContext
 .text.vTaskPlaceOnEventList
                0x00004ac2       0x44 ./FREE_RTOS_Files/tasks.o
                0x00004ac2                vTaskPlaceOnEventList
 .text.vTaskPlaceOnUnorderedEventList
                0x00004b06       0x60 ./FREE_RTOS_Files/tasks.o
                0x00004b06                vTaskPlaceOnUnorderedEventList
 .text.xTaskRemoveFromEventList
                0x00004b66       0xd6 ./FREE_RTOS_Files/tasks.o
                0x00004b66                xTaskRemoveFromEventList
 .text.vTaskRemoveFromUnorderedEventList
                0x00004c3c       0xba ./FREE_RTOS_Files/tasks.o
                0x00004c3c                vTaskRemoveFromUnorderedEventList
 .text.vTaskSetTimeOutState
                0x00004cf6       0x3c ./FREE_RTOS_Files/tasks.o
                0x00004cf6                vTaskSetTimeOutState
 .text.vTaskInternalSetTimeOutState
                0x00004d32       0x32 ./FREE_RTOS_Files/tasks.o
                0x00004d32                vTaskInternalSetTimeOutState
 .text.xTaskCheckForTimeOut
                0x00004d64       0xda ./FREE_RTOS_Files/tasks.o
                0x00004d64                xTaskCheckForTimeOut
 .text.vTaskMissedYield
                0x00004e3e       0x14 ./FREE_RTOS_Files/tasks.o
                0x00004e3e                vTaskMissedYield
 .text.prvIdleTask
                0x00004e52       0x18 ./FREE_RTOS_Files/tasks.o
 .text.prvInitialiseTaskLists
                0x00004e6a       0x82 ./FREE_RTOS_Files/tasks.o
 .text.prvCheckTasksWaitingTermination
                0x00004eec       0x5e ./FREE_RTOS_Files/tasks.o
 .text.prvDeleteTCB
                0x00004f4a       0x2c ./FREE_RTOS_Files/tasks.o
 .text.prvResetNextTaskUnblockTime
                0x00004f76       0x56 ./FREE_RTOS_Files/tasks.o
 .text.xTaskGetCurrentTaskHandle
                0x00004fcc       0x24 ./FREE_RTOS_Files/tasks.o
                0x00004fcc                xTaskGetCurrentTaskHandle
 .text.uxTaskResetEventItemValue
                0x00004ff0       0x4e ./FREE_RTOS_Files/tasks.o
                0x00004ff0                uxTaskResetEventItemValue
 .text.ulTaskNotifyTake
                0x0000503e       0xee ./FREE_RTOS_Files/tasks.o
                0x0000503e                ulTaskNotifyTake
 .text.xTaskNotifyWait
                0x0000512c      0x138 ./FREE_RTOS_Files/tasks.o
                0x0000512c                xTaskNotifyWait
 .text.xTaskGenericNotify
                0x00005264      0x1aa ./FREE_RTOS_Files/tasks.o
                0x00005264                xTaskGenericNotify
 .text.xTaskGenericNotifyFromISR
                0x0000540e      0x1f0 ./FREE_RTOS_Files/tasks.o
                0x0000540e                xTaskGenericNotifyFromISR
 .text.vTaskNotifyGiveFromISR
                0x000055fe      0x10c ./FREE_RTOS_Files/tasks.o
                0x000055fe                vTaskNotifyGiveFromISR
 .text.xTaskNotifyStateClear
                0x0000570a       0x74 ./FREE_RTOS_Files/tasks.o
                0x0000570a                xTaskNotifyStateClear
 .text.prvAddCurrentTaskToDelayedList
                0x0000577e       0xf8 ./FREE_RTOS_Files/tasks.o
 .text.Led_Off  0x00005876       0x26 ./ECUAL/LED_driver/LED.o
                0x00005876                Led_Off
 .text.Led_On   0x0000589c       0x28 ./ECUAL/LED_driver/LED.o
                0x0000589c                Led_On
 .text.Led_Toggle
                0x000058c4       0x48 ./ECUAL/LED_driver/LED.o
                0x000058c4                Led_Toggle
 .text.LCD_sendCommand
                0x0000590c      0x212 ./ECUAL/LCD_driver/LCD.o
 .text.LCD_init
                0x00005b1e       0xe0 ./ECUAL/LCD_driver/LCD.o
                0x00005b1e                LCD_init
 .text.LCD_displayChar
                0x00005bfe      0x210 ./ECUAL/LCD_driver/LCD.o
                0x00005bfe                LCD_displayChar
 .text.LCD_displayString
                0x00005e0e       0xb0 ./ECUAL/LCD_driver/LCD.o
                0x00005e0e                LCD_displayString
 .text.LCD_displayStringRowColumn
                0x00005ebe       0x28 ./ECUAL/LCD_driver/LCD.o
                0x00005ebe                LCD_displayStringRowColumn
 .text.LCD_clear
                0x00005ee6       0x2e ./ECUAL/LCD_driver/LCD.o
                0x00005ee6                LCD_clear
 .text.LCD_gotoRowColumn
                0x00005f14       0x70 ./ECUAL/LCD_driver/LCD.o
                0x00005f14                LCD_gotoRowColumn
 .text.KeyPad_getPressedKey
                0x00005f84      0x118 ./ECUAL/KeyPad_driver/keypad.o
                0x00005f84                KeyPad_getPressedKey
 .text.main     0x0000609c       0x8c ./main.o
                0x0000609c                main
 .text.TASK_systemInit
                0x00006128       0x7c ./main.o
                0x00006128                TASK_systemInit
 .text.TASK_toggleLED
                0x000061a4       0x20 ./main.o
                0x000061a4                TASK_toggleLED
 .text.TASK_LCD
                0x000061c4      0x10e ./main.o
                0x000061c4                TASK_LCD
 .text.PassCheck
                0x000062d2       0x5c ./main.o
                0x000062d2                PassCheck
 .text.TASK_keypad
                0x0000632e       0xd0 ./main.o
                0x0000632e                TASK_keypad
 .text.libgcc   0x000063fe        0x0 c:/winavr-20100110/bin/../lib/gcc/avr/4.3.3/avr5\libgcc.a(_exit.o)
 .text.libgcc   0x000063fe        0x0 c:/winavr-20100110/bin/../lib/gcc/avr/4.3.3/avr5\libgcc.a(_copy_data.o)
 .text.libgcc   0x000063fe        0x0 c:/winavr-20100110/bin/../lib/gcc/avr/4.3.3/avr5\libgcc.a(_clear_bss.o)
 .text.avr-libc
                0x000063fe       0x12 c:/winavr-20100110/bin/../lib/gcc/avr/4.3.3/../../../../avr/lib/avr5\libc.a(memcpy.o)
                0x000063fe                memcpy
 .text.avr-libc
                0x00006410        0xe c:/winavr-20100110/bin/../lib/gcc/avr/4.3.3/../../../../avr/lib/avr5\libc.a(memset.o)
                0x00006410                memset
                0x0000641e                . = ALIGN (0x2)
 *(.fini9)
 .fini9         0x0000641e        0x0 c:/winavr-20100110/bin/../lib/gcc/avr/4.3.3/avr5\libgcc.a(_exit.o)
                0x0000641e                exit
                0x0000641e                _exit
 *(.fini9)
 *(.fini8)
 *(.fini8)
 *(.fini7)
 *(.fini7)
 *(.fini6)
 *(.fini6)
 *(.fini5)
 *(.fini5)
 *(.fini4)
 *(.fini4)
 *(.fini3)
 *(.fini3)
 *(.fini2)
 *(.fini2)
 *(.fini1)
 *(.fini1)
 *(.fini0)
 .fini0         0x0000641e        0x4 c:/winavr-20100110/bin/../lib/gcc/avr/4.3.3/avr5\libgcc.a(_exit.o)
 *(.fini0)
                0x00006422                _etext = .

.data           0x00800060       0x8e load address 0x00006422
                0x00800060                PROVIDE (__data_start, .)
 *(.data)
 .data          0x00800060        0x0 c:/winavr-20100110/bin/../lib/gcc/avr/4.3.3/../../../../avr/lib/avr5/crtm32.o
 .data          0x00800060        0x0 ./mcal/DIO_driver/DIO.o
 .data          0x00800060        0x0 ./mcal/DIO_driver/DIO_cnfg.o
 .data          0x00800060        0x0 ./FREE_RTOS_Files/croutine.o
 .data          0x00800060        0x0 ./FREE_RTOS_Files/event_groups.o
 .data          0x00800060        0x0 ./FREE_RTOS_Files/heap_1.o
 .data          0x00800060        0x0 ./FREE_RTOS_Files/list.o
 .data          0x00800060        0x0 ./FREE_RTOS_Files/port.o
 .data          0x00800060        0x0 ./FREE_RTOS_Files/queue.o
 .data          0x00800060        0x0 ./FREE_RTOS_Files/stream_buffer.o
 .data          0x00800060        0x5 ./FREE_RTOS_Files/tasks.o
 .data          0x00800065        0x0 ./FREE_RTOS_Files/timers.o
 .data          0x00800065        0x0 ./ECUAL/LED_driver/LED.o
 .data          0x00800065        0x0 ./ECUAL/LCD_driver/LCD.o
 .data          0x00800065        0x0 ./ECUAL/LCD_driver/LCD_PostBuildconfg.o
 .data          0x00800065        0x0 ./ECUAL/KeyPad_driver/keypad.o
 .data          0x00800065       0x2f ./main.o
 .data          0x00800094        0x0 c:/winavr-20100110/bin/../lib/gcc/avr/4.3.3/avr5\libgcc.a(_exit.o)
 .data          0x00800094        0x0 c:/winavr-20100110/bin/../lib/gcc/avr/4.3.3/avr5\libgcc.a(_copy_data.o)
 .data          0x00800094        0x0 c:/winavr-20100110/bin/../lib/gcc/avr/4.3.3/avr5\libgcc.a(_clear_bss.o)
 .data          0x00800094        0x0 c:/winavr-20100110/bin/../lib/gcc/avr/4.3.3/../../../../avr/lib/avr5\libc.a(memcpy.o)
 .data          0x00800094        0x0 c:/winavr-20100110/bin/../lib/gcc/avr/4.3.3/../../../../avr/lib/avr5\libc.a(memset.o)
 *(.data*)
 .data.DIO_cnfg_arr
                0x00800094       0x37 ./mcal/DIO_driver/DIO_cnfg.o
                0x00800094                DIO_cnfg_arr
 .data.LCD_state.1251
                0x008000cb        0x1 ./ECUAL/LCD_driver/LCD.o
 .data.commandStatus.1336
                0x008000cc        0x1 ./ECUAL/LCD_driver/LCD.o
 .data.LCD_init_status.1335
                0x008000cd        0x1 ./ECUAL/LCD_driver/LCD.o
 .data.LCD_state.1379
                0x008000ce        0x1 ./ECUAL/LCD_driver/LCD.o
 .data.Check_Shift_Is_Done.1464
                0x008000cf        0x1 ./ECUAL/LCD_driver/LCD.o
 .data.LCD_config
                0x008000d0        0x7 ./ECUAL/LCD_driver/LCD_PostBuildconfg.o
                0x008000d0                LCD_config
 .data.LCD_ptrConfig
                0x008000d7        0x2 ./ECUAL/LCD_driver/LCD_PostBuildconfg.o
                0x008000d7                LCD_ptrConfig
 .data.prevResult.1232
                0x008000d9        0x1 ./ECUAL/KeyPad_driver/keypad.o
 .data.g_keyPad_Enable
                0x008000da        0x1 ./main.o
 .data.g_Password
                0x008000db        0x6 ./main.o
 .data.taskDelay.1670
                0x008000e1        0x1 ./main.o
 .data.prevKey.1750
                0x008000e2        0x1 ./main.o
 *(.rodata)
 *(.rodata*)
 .rodata.dispChar.1674
                0x008000e3        0xa ./main.o
 *(.gnu.linkonce.d*)
                0x008000ee                . = ALIGN (0x2)
 *fill*         0x008000ed        0x1 00
                0x008000ee                _edata = .
                0x008000ee                PROVIDE (__data_end, .)

.bss            0x008000ee      0x669
                0x008000ee                PROVIDE (__bss_start, .)
 *(.bss)
 .bss           0x008000ee        0x0 c:/winavr-20100110/bin/../lib/gcc/avr/4.3.3/../../../../avr/lib/avr5/crtm32.o
 .bss           0x008000ee        0x0 ./mcal/DIO_driver/DIO.o
 .bss           0x008000ee        0x0 ./mcal/DIO_driver/DIO_cnfg.o
 .bss           0x008000ee        0x0 ./FREE_RTOS_Files/croutine.o
 .bss           0x008000ee        0x0 ./FREE_RTOS_Files/event_groups.o
 .bss           0x008000ee        0x0 ./FREE_RTOS_Files/heap_1.o
 .bss           0x008000ee        0x0 ./FREE_RTOS_Files/list.o
 .bss           0x008000ee        0x0 ./FREE_RTOS_Files/port.o
 .bss           0x008000ee        0x0 ./FREE_RTOS_Files/queue.o
 .bss           0x008000ee        0x0 ./FREE_RTOS_Files/stream_buffer.o
 .bss           0x008000ee        0x0 ./FREE_RTOS_Files/tasks.o
 .bss           0x008000ee        0x0 ./FREE_RTOS_Files/timers.o
 .bss           0x008000ee        0x0 ./ECUAL/LED_driver/LED.o
 .bss           0x008000ee        0x0 ./ECUAL/LCD_driver/LCD.o
 .bss           0x008000ee        0x0 ./ECUAL/LCD_driver/LCD_PostBuildconfg.o
 .bss           0x008000ee        0x0 ./ECUAL/KeyPad_driver/keypad.o
 .bss           0x008000ee        0x0 ./main.o
 .bss           0x008000ee        0x0 c:/winavr-20100110/bin/../lib/gcc/avr/4.3.3/avr5\libgcc.a(_exit.o)
 .bss           0x008000ee        0x0 c:/winavr-20100110/bin/../lib/gcc/avr/4.3.3/avr5\libgcc.a(_copy_data.o)
 .bss           0x008000ee        0x0 c:/winavr-20100110/bin/../lib/gcc/avr/4.3.3/avr5\libgcc.a(_clear_bss.o)
 .bss           0x008000ee        0x0 c:/winavr-20100110/bin/../lib/gcc/avr/4.3.3/../../../../avr/lib/avr5\libc.a(memcpy.o)
 .bss           0x008000ee        0x0 c:/winavr-20100110/bin/../lib/gcc/avr/4.3.3/../../../../avr/lib/avr5\libc.a(memset.o)
 *(.bss*)
 .bss.xNextFreeByte
                0x008000ee        0x2 ./FREE_RTOS_Files/heap_1.o
 .bss.pucAlignedHeap.1645
                0x008000f0        0x2 ./FREE_RTOS_Files/heap_1.o
 .bss.ucHeap    0x008000f2      0x5dc ./FREE_RTOS_Files/heap_1.o
 .bss.pxCurrentTCB
                0x008006ce        0x2 ./FREE_RTOS_Files/tasks.o
                0x008006ce                pxCurrentTCB
 .bss.uxDeletedTasksWaitingCleanUp
                0x008006d0        0x1 ./FREE_RTOS_Files/tasks.o
 .bss.uxCurrentNumberOfTasks
                0x008006d1        0x1 ./FREE_RTOS_Files/tasks.o
 .bss.xTickCount
                0x008006d2        0x2 ./FREE_RTOS_Files/tasks.o
 .bss.uxTopReadyPriority
                0x008006d4        0x1 ./FREE_RTOS_Files/tasks.o
 .bss.xSchedulerRunning
                0x008006d5        0x1 ./FREE_RTOS_Files/tasks.o
 .bss.uxPendedTicks
                0x008006d6        0x1 ./FREE_RTOS_Files/tasks.o
 .bss.xYieldPending
                0x008006d7        0x1 ./FREE_RTOS_Files/tasks.o
 .bss.xNumOfOverflows
                0x008006d8        0x1 ./FREE_RTOS_Files/tasks.o
 .bss.uxTaskNumber
                0x008006d9        0x1 ./FREE_RTOS_Files/tasks.o
 .bss.xNextTaskUnblockTime
                0x008006da        0x2 ./FREE_RTOS_Files/tasks.o
 .bss.xIdleTaskHandle
                0x008006dc        0x2 ./FREE_RTOS_Files/tasks.o
 .bss.uxSchedulerSuspended
                0x008006de        0x1 ./FREE_RTOS_Files/tasks.o
 .bss.pxReadyTasksLists
                0x008006df       0x24 ./FREE_RTOS_Files/tasks.o
 .bss.xDelayedTaskList1
                0x00800703        0x9 ./FREE_RTOS_Files/tasks.o
 .bss.xDelayedTaskList2
                0x0080070c        0x9 ./FREE_RTOS_Files/tasks.o
 .bss.pxDelayedTaskList
                0x00800715        0x2 ./FREE_RTOS_Files/tasks.o
 .bss.pxOverflowDelayedTaskList
                0x00800717        0x2 ./FREE_RTOS_Files/tasks.o
 .bss.xPendingReadyList
                0x00800719        0x9 ./FREE_RTOS_Files/tasks.o
 .bss.xTasksWaitingTermination
                0x00800722        0x9 ./FREE_RTOS_Files/tasks.o
 .bss.xSuspendedTaskList
                0x0080072b        0x9 ./FREE_RTOS_Files/tasks.o
 .bss.led_Status
                0x00800734        0x1 ./ECUAL/LED_driver/LED.o
 .bss.l_Str_Counter.1463
                0x00800735        0x1 ./ECUAL/LCD_driver/LCD.o
 .bss.g_initFlag
                0x00800736        0x1 ./main.o
 .bss.g_LCD_charDisplayRequest
                0x00800737        0x1 ./main.o
 .bss.g_LCD_dispData
                0x00800738        0x1 ./main.o
 .bss.xHandle_toggleLED
                0x00800739        0x2 ./main.o
                0x00800739                xHandle_toggleLED
 .bss.xHandle_systemInit
                0x0080073b        0x2 ./main.o
                0x0080073b                xHandle_systemInit
 .bss.xHandle_LCD
                0x0080073d        0x2 ./main.o
                0x0080073d                xHandle_LCD
 .bss.xHandle_keypad
                0x0080073f        0x2 ./main.o
                0x0080073f                xHandle_keypad
 .bss.LCD_init_status.1639
                0x00800741        0x1 ./main.o
 .bss.DIO_init_status.1638
                0x00800742        0x1 ./main.o
 .bss.busyFlag.1673
                0x00800743        0x1 ./main.o
 .bss.LOC_dispData.1672
                0x00800744        0x1 ./main.o
 .bss.LCD_dispFuncStatus.1671
                0x00800745        0x1 ./main.o
 .bss.digitsCount.1752
                0x00800746        0x1 ./main.o
 .bss.passBuffer.1751
                0x00800747       0x10 ./main.o
 *(COMMON)
 COMMON         0x00800757        0x0 ./mcal/DIO_driver/DIO.o
                0x00800757                PROVIDE (__bss_end, .)
                0x00006422                __data_load_start = LOADADDR (.data)
                0x000064b0                __data_load_end = (__data_load_start + SIZEOF (.data))

.noinit         0x00800757        0x0
                0x00800757                PROVIDE (__noinit_start, .)
 *(.noinit*)
                0x00800757                PROVIDE (__noinit_end, .)
                0x00800757                _end = .
                0x00800757                PROVIDE (__heap_start, .)

.eeprom         0x00810000        0x0
 *(.eeprom*)
                0x00810000                __eeprom_end = .

.fuse
 *(.fuse)
 *(.lfuse)
 *(.hfuse)
 *(.efuse)

.lock
 *(.lock*)

.signature
 *(.signature*)

.stab           0x00000000     0x9ff0
 *(.stab)
 .stab          0x00000000      0xaa4 ./mcal/DIO_driver/DIO.o
 .stab          0x00000aa4      0x108 ./mcal/DIO_driver/DIO_cnfg.o
                                0x1e0 (size before relaxing)
 .stab          0x00000bac      0x624 ./FREE_RTOS_Files/croutine.o
                                0x630 (size before relaxing)
 .stab          0x000011d0      0xde0 ./FREE_RTOS_Files/event_groups.o
                               0x111c (size before relaxing)
 .stab          0x00001fb0      0x30c ./FREE_RTOS_Files/heap_1.o
                                0x7bc (size before relaxing)
 .stab          0x000022bc      0x474 ./FREE_RTOS_Files/list.o
                                0x858 (size before relaxing)
 .stab          0x00002730      0x834 ./FREE_RTOS_Files/port.o
                                0xcd8 (size before relaxing)
 .stab          0x00002f64     0x1a34 ./FREE_RTOS_Files/queue.o
                               0x1ee4 (size before relaxing)
 .stab          0x00004998     0x1608 ./FREE_RTOS_Files/stream_buffer.o
                               0x1a4c (size before relaxing)
 .stab          0x00005fa0     0x2280 ./FREE_RTOS_Files/tasks.o
                               0x2760 (size before relaxing)
 .stab          0x00008220      0x1a4 ./FREE_RTOS_Files/timers.o
                                0x6b4 (size before relaxing)
 .stab          0x000083c4      0x324 ./ECUAL/LED_driver/LED.o
                                0x330 (size before relaxing)
 .stab          0x000086e8      0xa68 ./ECUAL/LCD_driver/LCD.o
                                0xa74 (size before relaxing)
 .stab          0x00009150      0x1d4 ./ECUAL/LCD_driver/LCD_PostBuildconfg.o
                                0x21c (size before relaxing)
 .stab          0x00009324      0x3cc ./ECUAL/KeyPad_driver/keypad.o
                                0x3d8 (size before relaxing)
 .stab          0x000096f0      0x900 ./main.o
                                0xd98 (size before relaxing)

.stabstr        0x00000000     0x587e
 *(.stabstr)
 .stabstr       0x00000000     0x587e ./mcal/DIO_driver/DIO.o

.stab.excl
 *(.stab.excl)

.stab.exclstr
 *(.stab.exclstr)

.stab.index
 *(.stab.index)

.stab.indexstr
 *(.stab.indexstr)

.comment
 *(.comment)

.debug
 *(.debug)

.line
 *(.line)

.debug_srcinfo
 *(.debug_srcinfo)

.debug_sfnames
 *(.debug_sfnames)

.debug_aranges
 *(.debug_aranges)

.debug_pubnames
 *(.debug_pubnames)

.debug_info
 *(.debug_info)
 *(.gnu.linkonce.wi.*)

.debug_abbrev
 *(.debug_abbrev)

.debug_line
 *(.debug_line)

.debug_frame
 *(.debug_frame)

.debug_str
 *(.debug_str)

.debug_loc
 *(.debug_loc)

.debug_macinfo
 *(.debug_macinfo)
OUTPUT(Toggle_Led.elf elf32-avr)
LOAD linker stubs
